// Jest Snapshot v1, https://goo.gl/fbAQLP

exports[`FoodFilterList should match with snapshot 1`] = `[Function]`;
