// Jest Snapshot v1, https://goo.gl/fbAQLP

exports[`Foods list should match with snapshot 1`] = `[Function]`;
