// Jest Snapshot v1, https://goo.gl/fbAQLP

exports[`Header with Link should match with snapshot 1`] = `
<header>
  <div
    className="header-area "
  >
    <div
      className="main-header-area"
      id="sticky-header"
    >
      <div
        className="container"
      >
        <div
          className="row align-items-center"
        >
          <div
            className="col-xl-3 col-lg-2"
          >
            <div
              className="logo"
            >
              <a
                className="text-white"
                href="/"
              >
                Foodistics
              </a>
            </div>
          </div>
          <div
            className="col-xl-6 col-lg-7"
          >
            <div
              className="main-menu white_text  d-none d-lg-block"
            >
              <nav>
                <ul
                  id="navigation"
                >
                  <li>
                    <a
                      href="/"
                      onClick={[Function]}
                    >
                      Food Types and Recipes
                    </a>
                  </li>
                </ul>
              </nav>
            </div>
          </div>
          <div
            className="col-12"
          >
            <div
              className="mobile_menu d-block d-lg-none"
            />
          </div>
        </div>
      </div>
    </div>
  </div>
</header>
`;
